Archive member included because of file (symbol)

c:/winavr/bin/../lib/gcc/avr/4.3.3/avr5\libgcc.a(_udivmodqi4.o)
                              ltag_ascetic.o (__udivmodqi4)
c:/winavr/bin/../lib/gcc/avr/4.3.3/avr5\libgcc.a(_udivmodhi4.o)
                              ltag_ascetic.o (__udivmodhi4)
c:/winavr/bin/../lib/gcc/avr/4.3.3/avr5\libgcc.a(_divmodhi4.o)
                              ltag_ascetic.o (__divmodhi4)
c:/winavr/bin/../lib/gcc/avr/4.3.3/avr5\libgcc.a(_exit.o)
                              c:/winavr/bin/../lib/gcc/avr/4.3.3/../../../../avr/lib/avr5/crtm32.o (exit)
c:/winavr/bin/../lib/gcc/avr/4.3.3/avr5\libgcc.a(_copy_data.o)
                              ltag_ascetic.o (__do_copy_data)
c:/winavr/bin/../lib/gcc/avr/4.3.3/avr5\libgcc.a(_clear_bss.o)
                              ltag_ascetic.o (__do_clear_bss)
c:/winavr/bin/../lib/gcc/avr/4.3.3/../../../../avr/lib/avr5\libc.a(memmem.o)
                              ltag_ascetic.o (memmem)
c:/winavr/bin/../lib/gcc/avr/4.3.3/../../../../avr/lib/avr5\libc.a(eerd_byte_atmega32.o)
                              ltag_ascetic.o (__eerd_byte_m32)
c:/winavr/bin/../lib/gcc/avr/4.3.3/../../../../avr/lib/avr5\libc.a(eerd_word_atmega32.o)
                              ltag_ascetic.o (__eerd_word_m32)
c:/winavr/bin/../lib/gcc/avr/4.3.3/../../../../avr/lib/avr5\libc.a(eewr_byte_atmega32.o)
                              ltag_ascetic.o (__eewr_byte_m32)
c:/winavr/bin/../lib/gcc/avr/4.3.3/../../../../avr/lib/avr5\libc.a(eewr_word_atmega32.o)
                              ltag_ascetic.o (__eewr_word_m32)
c:/winavr/bin/../lib/gcc/avr/4.3.3/../../../../avr/lib/avr5\libc.a(eerd_block_atmega32.o)
                              c:/winavr/bin/../lib/gcc/avr/4.3.3/../../../../avr/lib/avr5\libc.a(eerd_word_atmega32.o) (__eerd_blraw_m32)

Allocating common symbols
Common symbol       size              file

snd_adress          0x6               global_variables.o
chit_detected       0x1               global_variables.o
ir_transmitter_on   0x1               global_variables.o
joystick_event      0x1               global_variables.o
low_level_counter   0x2               global_variables.o
ir_pulse_counter    0x2               global_variables.o
chit_detected_counter
                    0x2               global_variables.o
curr_ir_pin         0x1               global_variables.o
in                  0x1               ltag_ascetic.o
bt_rx_packet        0x3               global_variables.o
simples_in_queue    0x2               global_variables.o
tm_code             0x6               ltag_ascetic.o
start_bit_received  0x1               global_variables.o
timer2              0x2               global_variables.o
clips               0x1               global_variables.o
pult_help_mode      0x1               global_variables.o
ir_tx_buffer_cursor
                    0x4               global_variables.o
curr_adress_in_eeprom
                    0x2               global_variables.o
tm_connect          0x1               global_variables.o
rx_event            0x1               global_variables.o
crc8                0x1               ltag_ascetic.o
lcd_buffer          0x1               ltag_ascetic.o
bt_header_received  0x1               global_variables.o
receiver_on         0x1               global_variables.o
bullets             0x1               global_variables.o
joystick_key_pressing_duration
                    0x11              global_variables.o
pult_hot_key_mode   0x1               global_variables.o
rx_buffer           0x8               global_variables.o
key_pressing_duration
                    0x8               global_variables.o
tx_buffer           0x8               global_variables.o
cr_received         0x1               global_variables.o
display_bullets_update_now
                    0x1               global_variables.o
curr_simple         0x1               global_variables.o
tm_event            0x1               ltag_ascetic.o
usartTxBuf          0x100             usart.o
device_code         0x1               ltag_ascetic.o
life_in_percent     0x2               global_variables.o
keyboard_event      0x1               global_variables.o
last_simple         0x2               global_variables.o
reload_key_event    0x1               global_variables.o
fcurr_simple_prepared
                    0x1               global_variables.o
bit_in_bt_rx_buff   0x2               global_variables.o
life                0x1               global_variables.o
bt_rx_buffer        0x8               global_variables.o
selectedMenuItem    0x2               menu.o
usartRxBuf          0x100             usart.o
cut_off_sound       0x2               global_variables.o
ir_space_counter    0x2               global_variables.o
code                0x1               ltag_ascetic.o
rx_packet           0x3               global_variables.o
uart_timer          0x2               global_variables.o
high_level_counter  0x2               global_variables.o
ch                  0x1               ltag_ascetic.o
eeprom_is_open      0x1               global_variables.o
display_batt_mode   0x1               global_variables.o
life_leds_status    0x4               global_variables.o
play_hit_snd        0x1               global_variables.o
bt_rx_event         0x1               global_variables.o
cursor_position     0x1               global_variables.o
bit_in_rx_buff      0x2               global_variables.o
fire_led_status     0x1               global_variables.o

Memory Configuration

Name             Origin             Length             Attributes
text             0x00000000         0x00020000         xr
data             0x00800060         0x0000ffa0         rw !x
eeprom           0x00810000         0x00010000         rw !x
fuse             0x00820000         0x00000400         rw !x
lock             0x00830000         0x00000400         rw !x
signature        0x00840000         0x00000400         rw !x
*default*        0x00000000         0xffffffff

Linker script and memory map

LOAD c:/winavr/bin/../lib/gcc/avr/4.3.3/../../../../avr/lib/avr5/crtm32.o
LOAD ltag_ascetic.o
LOAD global_variables.o
LOAD isr.o
LOAD joystick_driver.o
LOAD usart.o
LOAD menu.o
LOAD c:/winavr/bin/../lib/gcc/avr/4.3.3/avr5\libgcc.a
LOAD c:/winavr/bin/../lib/gcc/avr/4.3.3/../../../../avr/lib/avr5\libc.a
LOAD c:/winavr/bin/../lib/gcc/avr/4.3.3/avr5\libgcc.a

.hash
 *(.hash)

.dynsym
 *(.dynsym)

.dynstr
 *(.dynstr)

.gnu.version
 *(.gnu.version)

.gnu.version_d
 *(.gnu.version_d)

.gnu.version_r
 *(.gnu.version_r)

.rel.init
 *(.rel.init)

.rela.init
 *(.rela.init)

.rel.text
 *(.rel.text)
 *(.rel.text.*)
 *(.rel.gnu.linkonce.t*)

.rela.text
 *(.rela.text)
 *(.rela.text.*)
 *(.rela.gnu.linkonce.t*)

.rel.fini
 *(.rel.fini)

.rela.fini
 *(.rela.fini)

.rel.rodata
 *(.rel.rodata)
 *(.rel.rodata.*)
 *(.rel.gnu.linkonce.r*)

.rela.rodata
 *(.rela.rodata)
 *(.rela.rodata.*)
 *(.rela.gnu.linkonce.r*)

.rel.data
 *(.rel.data)
 *(.rel.data.*)
 *(.rel.gnu.linkonce.d*)

.rela.data
 *(.rela.data)
 *(.rela.data.*)
 *(.rela.gnu.linkonce.d*)

.rel.ctors
 *(.rel.ctors)

.rela.ctors
 *(.rela.ctors)

.rel.dtors
 *(.rel.dtors)

.rela.dtors
 *(.rela.dtors)

.rel.got
 *(.rel.got)

.rela.got
 *(.rela.got)

.rel.bss
 *(.rel.bss)

.rela.bss
 *(.rela.bss)

.rel.plt
 *(.rel.plt)

.rela.plt
 *(.rela.plt)

.text           0x00000000     0x5dca
 *(.vectors)
 .vectors       0x00000000       0x54 c:/winavr/bin/../lib/gcc/avr/4.3.3/../../../../avr/lib/avr5/crtm32.o
                0x00000000                __vectors
                0x00000000                __vector_default
 *(.vectors)
 *(.progmem.gcc*)
 .progmem.gcc_sw_table
                0x00000054       0x8a ltag_ascetic.o
 *(.progmem*)
 .progmem.data  0x000000de      0x8cb ltag_ascetic.o
                0x00000669                parameter_empty_error
                0x000001f2                command_15
                0x0000041a                command_52
                0x000009a1                pultMessagesPointers
                0x00000399                command_45
                0x00000980                pult_message_0
                0x0000050e                command_62
                0x000002a6                command_27
                0x00000373                command_43
                0x000006cc                protocol
                0x00000313                command_35
                0x000001d6                command_13
                0x000002fd                command_33
                0x000001b6                command_11
                0x0000049a                command_58
                0x000002e2                command_31
                0x0000032f                command_37
                0x00000140                command_2
                0x0000017a                command_7
                0x00000661                command_error
                0x000006c5                ok_string
                0x0000023e                command_20
                0x0000059d                command_67
                0x00000565                command_65
                0x00000352                command_40
                0x000003f3                command_50
                0x00000220                command_18
                0x00000453                command_55
                0x000006ab                parameter_invalid_error
                0x0000068c                parameter_out_of_range_error
                0x000005bf                commandsPointers
                0x00000202                command_16
                0x00000151                command_4
                0x0000042d                command_53
                0x000004d3                command_60
                0x0000028a                command_25
                0x0000012f                command_1
                0x00000998                pult_message_3
                0x000003ce                command_48
                0x00000361                command_41
                0x00000158                command_5
                0x0000011e                command_0
                0x000003ab                command_46
                0x000002d4                command_30
                0x0000022e                command_19
                0x00000469                command_56
                0x00000321                command_36
                0x000002ed                command_32
                0x00000339                command_38
                0x000003df                command_49
                0x000001a8                command_10
                0x0000052b                command_63
                0x0000025c                command_22
                0x000002b6                command_28
                0x0000096f                messages
                0x000005ae                command_68
                0x0000016f                command_6
                0x0000018a                command_8
                0x00000212                command_17
                0x000001e4                command_14
                0x00000440                command_54
                0x00000407                command_51
                0x000004f1                command_61
                0x00000298                command_26
                0x0000027a                command_24
                0x00000988                pult_message_1
                0x00000990                pult_message_2
                0x00000386                command_44
                0x000003bd                command_47
                0x000000de                Decode2Rus
                0x00000308                command_34
                0x0000036a                command_42
                0x000001c6                command_12
                0x00000964                numbers
                0x000004b5                command_59
                0x00000343                command_39
                0x0000097a                commands
                0x0000047f                command_57
                0x0000024e                command_21
                0x0000019a                command_9
                0x00000649                unknown_command_error
                0x00000581                command_66
                0x0000014a                command_3
                0x00000548                command_64
                0x0000026a                command_23
                0x000002c6                command_29
 .progmem.data  0x000009a9       0x10 global_variables.o
                0x000009a9                damage_value
 .progmem.data  0x000009b9      0x106 menu.o
                0x00000a4e                m_s3i2
                0x000009d5                m_s1i2
                0x000009f4                m_s2i1
                0x00000a96                m_s5i1
                0x00000a18                m_s2i3
                0x000009e5                m_s1i3
                0x00000a2a                m_s2i4
                0x00000a72                m_s4i1
                0x00000a3c                m_s3i1
                0x000009b9                Null_Menu
                0x00000a60                m_s3i3
                0x00000a06                m_s2i2
                0x000009c4                m_s1i1
                0x00000a84                m_s4i2
                0x00000aa8                m_s5i2
                0x000009c3                strNULL
                0x00000ac0                . = ALIGN (0x2)
 *fill*         0x00000abf        0x1 00
                0x00000ac0                __trampolines_start = .
 *(.trampolines)
 .trampolines   0x00000ac0        0x0 linker stubs
 *(.trampolines*)
                0x00000ac0                __trampolines_end = .
 *(.jumptables)
 *(.jumptables*)
 *(.lowtext)
 *(.lowtext*)
                0x00000ac0                __ctors_start = .
 *(.ctors)
                0x00000ac0                __ctors_end = .
                0x00000ac0                __dtors_start = .
 *(.dtors)
                0x00000ac0                __dtors_end = .
 SORT(*)(.ctors)
 SORT(*)(.dtors)
 *(.init0)
 .init0         0x00000ac0        0x0 c:/winavr/bin/../lib/gcc/avr/4.3.3/../../../../avr/lib/avr5/crtm32.o
                0x00000ac0                __init
 *(.init0)
 *(.init1)
 *(.init1)
 *(.init2)
 .init2         0x00000ac0        0xc c:/winavr/bin/../lib/gcc/avr/4.3.3/../../../../avr/lib/avr5/crtm32.o
 *(.init2)
 *(.init3)
 *(.init3)
 *(.init4)
 .init4         0x00000acc       0x16 c:/winavr/bin/../lib/gcc/avr/4.3.3/avr5\libgcc.a(_copy_data.o)
                0x00000acc                __do_copy_data
 .init4         0x00000ae2       0x10 c:/winavr/bin/../lib/gcc/avr/4.3.3/avr5\libgcc.a(_clear_bss.o)
                0x00000ae2                __do_clear_bss
 *(.init4)
 *(.init5)
 *(.init5)
 *(.init6)
 *(.init6)
 *(.init7)
 *(.init7)
 *(.init8)
 *(.init8)
 *(.init9)
 .init9         0x00000af2        0x8 c:/winavr/bin/../lib/gcc/avr/4.3.3/../../../../avr/lib/avr5/crtm32.o
 *(.init9)
 *(.text)
 .text          0x00000afa        0x4 c:/winavr/bin/../lib/gcc/avr/4.3.3/../../../../avr/lib/avr5/crtm32.o
                0x00000afa                __vector_12
                0x00000afa                __bad_interrupt
                0x00000afa                __vector_6
                0x00000afa                __vector_3
                0x00000afa                __vector_11
                0x00000afa                __vector_17
                0x00000afa                __vector_19
                0x00000afa                __vector_5
                0x00000afa                __vector_9
                0x00000afa                __vector_8
                0x00000afa                __vector_14
                0x00000afa                __vector_10
                0x00000afa                __vector_16
                0x00000afa                __vector_18
                0x00000afa                __vector_20
 .text          0x00000afe     0x4446 ltag_ascetic.o
                0x00002780                command_28_slot
                0x00002e9c                command_63_slot
                0x00002480                pult_reset_to_defaul
                0x00002ade                command_38_slot
                0x000024fa                menu_slot_1
                0x00002ed2                command_57_slot
                0x00000ce4                lcd_data
                0x00002aa6                command_42_slot
                0x000035a4                check_eeprom
                0x00002f1a                command_49_slot
                0x00002eae                command_61_slot
                0x00001b30                init_timer0
                0x0000377a                get_enum_settings
                0x0000278a                command_26_slot
                0x0000123e                init_tm
                0x00003334                command_41_slot
                0x000027d0                command_12_slot
                0x00001e42                long_int_to_str
                0x00000b90                shift_register_clean
                0x000029c6                command_58_slot
                0x00000de0                lcd_bl_off
                0x00002540                command_4_slot
                0x00002646                play_sound_6
                0x0000293a                command_68_slot
                0x0000324a                get_int_argument_value
                0x00001338                tm_read_serial_number
                0x000020b6                get_pult_default_settings
                0x00001a7e                set_player_id
                0x00003c8a                command_2_slot
                0x000027ee                display_voltage_update
                0x00002f50                command_43_slot
                0x00004486                display_status
                0x000021f4                play_sound_from_eeprom
                0x0000335e                command_33_slot
                0x00000cec                lcd_function_set
                0x00003b5a                write_team_id_to_eeprom
                0x00000d78                lcd_gotoxy
                0x00000d00                lcd_newline
                0x00001a8c                set_team_color
                0x00000dd0                lcd_bl_on
                0x00002d08                command_25_slot
                0x00002f3e                command_45_slot
                0x000027da                command_10_slot
                0x00000d28                lcd_putc
                0x00002b0a                command_31_slot
                0x00001fc0                display_bullets_update
                0x00002c1a                apply_sound_set_command
                0x00001452                eeWriteByte
                0x00002e8a                command_65_slot
                0x000026b8                play_sound_3
                0x00002a6e                command_46_slot
                0x00003586                get_all_setings
                0x00003574                menu_slot_2
                0x00002776                command_30_slot
                0x000015bc                eeWriteBytes
                0x00000b2c                shift_register_set_data
                0x00003350                command_35_slot
                0x000012c6                tm_read
                0x00002956                command_66_slot
                0x000029aa                command_60_slot
                0x00001abc                get_buffer_bit
                0x00002f08                command_51_slot
                0x00002ee4                command_55_slot
                0x000027b2                command_18_slot
                0x00001aa6                set_gun_damage
                0x00002d62                command_7_slot
                0x000027c6                command_14_slot
                0x00002cfe                command_27_slot
                0x0000298e                command_62_slot
                0x00001870                close_eeprom
                0x00002750                command_32_slot
                0x00000d9e                lcd_home
                0x00001fa4                display_life_update
                0x00002a36                command_50_slot
                0x000027bc                command_16_slot
                0x00002ef6                command_53_slot
                0x0000218a                char_to_int
                0x00000afe                init_shift_register
                0x00003ca0                get_command_index
                0x00001c02                fire_mode
                0x00000cda                lcd_clrscr
                0x000027a8                command_20_slot
                0x00002ec0                command_59_slot
                0x00001cd4                damage_beep
                0x00002d6c                get_word_argument_value
                0x0000266a                play_sound_5
                0x00003b66                command_6_slot
                0x0000237c                send_message
                0x000026dc                playclipinsound
                0x00001d0e                int_to_str
                0x000023e0                get_pult_command_index
                0x00001276                tm_send
                0x00002972                command_64_slot
                0x00002006                ReadADC
                0x00001686                eeReadBytes
                0x00002794                command_24_slot
                0x00002d12                command_23_slot
                0x0000232c                ir_tx_cursor_home
                0x00001ffc                init_adc
                0x00002d4e                command_11_slot
                0x00000d58                lcd_puts
                0x00003466                get_ir_power_settings
                0x00002e78                command_67_slot
                0x0000255c                command_1_slot
                0x000026e2                play_sound_2
                0x00000dac                lcd_puts_p
                0x000023b8                get_pult_message_index
                0x00004814                main
                0x00001af6                get_bt_buffer_bit
                0x00002d26                command_19_slot
                0x0000198c                init_int0
                0x00001434                eeInit
                0x00002d30                command_17_slot
                0x000029fe                command_54_slot
                0x000044b8                hit_processing
                0x000030a0                command_37_slot
                0x00002524                command_34_slot
                0x0000318a                command_3_slot
                0x00002350                send_ir_package
                0x00002706                playhitsound
                0x00003342                command_39_slot
                0x00002ac2                command_40_slot
                0x0000336c                command_0_slot
                0x000027e4                command_8_slot
                0x00002d3a                command_15_slot
                0x00001fdc                display_clips_update
                0x00002d58                command_9_slot
                0x00002f2c                command_47_slot
                0x00002a8a                command_44_slot
                0x00003fce                invite
                0x00002d44                command_13_slot
                0x000029e2                command_56_slot
                0x000018a2                configuring_ports
                0x00002cf4                command_29_slot
                0x00001b4a                init_timer1
                0x00002d1c                command_21_slot
                0x00001c0c                beep
                0x0000184c                read_eeprom_byte
                0x00001a18                set_bt_buffer_bit
                0x0000130e                new_crc8
                0x000014ee                eeReadByte
                0x00002508                command_36_slot
                0x0000279e                command_22_slot
                0x00000f1e                init_lcd
                0x000017a2                open_eeprom
                0x000010d6                lcd_generate_bat_level_symbols
                0x00003696                init_var
                0x00000df0                lcd_generate_batt_symbols
                0x0000337a                get_friendly_fire_settings
                0x000026b2                playclipoutsound
                0x00002412                team_id
                0x00000cd2                lcd_command
                0x0000241c                tm_verification
                0x0000272c                play_sound_1
                0x00002036                display_hit_data
                0x0000268e                play_sound_4
                0x0000275e                apply_sound_get_command
                0x00002f62                command_5_slot
                0x00002a52                command_48_slot
                0x00000fa8                lcd_generate_additional_symbols
                0x00003df4                parsing_command
                0x00001978                init_timer2
                0x00002578                parsing_bt_data
                0x00001ba4                display_life
                0x000021f2                str_to_int
                0x00002408                gun_damage
                0x00003864                get_int_settings
                0x000019b2                set_buffer_bit
                0x00002a1a                command_52_slot
 .text          0x00004f44        0x0 global_variables.o
 .text          0x00004f44      0x866 isr.o
                0x00005630                __vector_1
                0x000051f4                __vector_7
                0x00004f44                __vector_4
                0x0000512c                read_seimpl
                0x000055ca                __vector_2
 .text          0x000057aa      0x28e joystick_driver.o
                0x000057aa                init_joystick
                0x00005870                test_joystick
                0x00005848                get_joystick_status
 .text          0x00005a38      0x19e usart.o
                0x00005a5c                USART_FlushTxBuf
                0x00005a56                USART_GetTxCount
                0x00005a9a                USART_SendStrP
                0x00005b68                __vector_13
                0x00005a38                USART_Init
                0x00005b32                USART_GetChar
                0x00005a6a                USART_PutChar
                0x00005a7a                USART_SendStr
                0x00005abe                __vector_15
                0x00005b14                USART_FlushRxBuf
                0x00005b0e                USART_GetRxCount
 .text          0x00005bd6       0xde menu.o
                0x00005c58                dispMenu
                0x00005bd6                menuChange
                0x00005be8                menuText
                0x00005ca2                startMenu
 .text          0x00005cb4        0x0 c:/winavr/bin/../lib/gcc/avr/4.3.3/avr5\libgcc.a(_udivmodqi4.o)
 .text          0x00005cb4        0x0 c:/winavr/bin/../lib/gcc/avr/4.3.3/avr5\libgcc.a(_udivmodhi4.o)
 .text          0x00005cb4        0x0 c:/winavr/bin/../lib/gcc/avr/4.3.3/avr5\libgcc.a(_divmodhi4.o)
 .text          0x00005cb4        0x0 c:/winavr/bin/../lib/gcc/avr/4.3.3/avr5\libgcc.a(_exit.o)
 .text          0x00005cb4        0x0 c:/winavr/bin/../lib/gcc/avr/4.3.3/avr5\libgcc.a(_copy_data.o)
 .text          0x00005cb4        0x0 c:/winavr/bin/../lib/gcc/avr/4.3.3/avr5\libgcc.a(_clear_bss.o)
 .text          0x00005cb4        0x0 c:/winavr/bin/../lib/gcc/avr/4.3.3/../../../../avr/lib/avr5\libc.a(memmem.o)
 .text          0x00005cb4        0x0 c:/winavr/bin/../lib/gcc/avr/4.3.3/../../../../avr/lib/avr5\libc.a(eerd_byte_atmega32.o)
 .text          0x00005cb4        0x0 c:/winavr/bin/../lib/gcc/avr/4.3.3/../../../../avr/lib/avr5\libc.a(eerd_word_atmega32.o)
 .text          0x00005cb4        0x0 c:/winavr/bin/../lib/gcc/avr/4.3.3/../../../../avr/lib/avr5\libc.a(eewr_byte_atmega32.o)
 .text          0x00005cb4        0x0 c:/winavr/bin/../lib/gcc/avr/4.3.3/../../../../avr/lib/avr5\libc.a(eewr_word_atmega32.o)
 .text          0x00005cb4        0x0 c:/winavr/bin/../lib/gcc/avr/4.3.3/../../../../avr/lib/avr5\libc.a(eerd_block_atmega32.o)
                0x00005cb4                . = ALIGN (0x2)
 *(.text.*)
 .text.libgcc   0x00005cb4       0x18 c:/winavr/bin/../lib/gcc/avr/4.3.3/avr5\libgcc.a(_udivmodqi4.o)
                0x00005cb4                __udivmodqi4
 .text.libgcc   0x00005ccc       0x28 c:/winavr/bin/../lib/gcc/avr/4.3.3/avr5\libgcc.a(_udivmodhi4.o)
                0x00005ccc                __udivmodhi4
 .text.libgcc   0x00005cf4       0x26 c:/winavr/bin/../lib/gcc/avr/4.3.3/avr5\libgcc.a(_divmodhi4.o)
                0x00005cf4                __divmodhi4
                0x00005cf4                _div
 .text.libgcc   0x00005d1a        0x0 c:/winavr/bin/../lib/gcc/avr/4.3.3/avr5\libgcc.a(_exit.o)
 .text.libgcc   0x00005d1a        0x0 c:/winavr/bin/../lib/gcc/avr/4.3.3/avr5\libgcc.a(_copy_data.o)
 .text.libgcc   0x00005d1a        0x0 c:/winavr/bin/../lib/gcc/avr/4.3.3/avr5\libgcc.a(_clear_bss.o)
 .text.avr-libc
                0x00005d1a       0x4c c:/winavr/bin/../lib/gcc/avr/4.3.3/../../../../avr/lib/avr5\libc.a(memmem.o)
                0x00005d1a                memmem
 .text.avr-libc
                0x00005d66       0x10 c:/winavr/bin/../lib/gcc/avr/4.3.3/../../../../avr/lib/avr5\libc.a(eerd_byte_atmega32.o)
                0x00005d66                __eerd_byte_m32
 .text.avr-libc
                0x00005d76        0xc c:/winavr/bin/../lib/gcc/avr/4.3.3/../../../../avr/lib/avr5\libc.a(eerd_word_atmega32.o)
                0x00005d76                __eerd_word_m32
 .text.avr-libc
                0x00005d82       0x1a c:/winavr/bin/../lib/gcc/avr/4.3.3/../../../../avr/lib/avr5\libc.a(eewr_byte_atmega32.o)
                0x00005d84                __eewr_r18_m32
                0x00005d82                __eewr_byte_m32
 .text.avr-libc
                0x00005d9c        0xa c:/winavr/bin/../lib/gcc/avr/4.3.3/../../../../avr/lib/avr5\libc.a(eewr_word_atmega32.o)
                0x00005d9c                __eewr_word_m32
 .text.avr-libc
                0x00005da6       0x20 c:/winavr/bin/../lib/gcc/avr/4.3.3/../../../../avr/lib/avr5\libc.a(eerd_block_atmega32.o)
                0x00005daa                __eerd_blraw_m32
                0x00005da6                __eerd_block_m32
                0x00005dc6                . = ALIGN (0x2)
 *(.fini9)
 .fini9         0x00005dc6        0x0 c:/winavr/bin/../lib/gcc/avr/4.3.3/avr5\libgcc.a(_exit.o)
                0x00005dc6                exit
                0x00005dc6                _exit
 *(.fini9)
 *(.fini8)
 *(.fini8)
 *(.fini7)
 *(.fini7)
 *(.fini6)
 *(.fini6)
 *(.fini5)
 *(.fini5)
 *(.fini4)
 *(.fini4)
 *(.fini3)
 *(.fini3)
 *(.fini2)
 *(.fini2)
 *(.fini1)
 *(.fini1)
 *(.fini0)
 .fini0         0x00005dc6        0x4 c:/winavr/bin/../lib/gcc/avr/4.3.3/avr5\libgcc.a(_exit.o)
 *(.fini0)
                0x00005dca                _etext = .

.data           0x00800060      0x1e8 load address 0x00005dca
                0x00800060                PROVIDE (__data_start, .)
 *(.data)
 .data          0x00800060        0x0 c:/winavr/bin/../lib/gcc/avr/4.3.3/../../../../avr/lib/avr5/crtm32.o
 .data          0x00800060      0x1e7 ltag_ascetic.o
 .data          0x00800247        0x0 global_variables.o
 .data          0x00800247        0x1 isr.o
 .data          0x00800248        0x0 joystick_driver.o
 .data          0x00800248        0x0 usart.o
 .data          0x00800248        0x0 menu.o
 .data          0x00800248        0x0 c:/winavr/bin/../lib/gcc/avr/4.3.3/avr5\libgcc.a(_udivmodqi4.o)
 .data          0x00800248        0x0 c:/winavr/bin/../lib/gcc/avr/4.3.3/avr5\libgcc.a(_udivmodhi4.o)
 .data          0x00800248        0x0 c:/winavr/bin/../lib/gcc/avr/4.3.3/avr5\libgcc.a(_divmodhi4.o)
 .data          0x00800248        0x0 c:/winavr/bin/../lib/gcc/avr/4.3.3/avr5\libgcc.a(_exit.o)
 .data          0x00800248        0x0 c:/winavr/bin/../lib/gcc/avr/4.3.3/avr5\libgcc.a(_copy_data.o)
 .data          0x00800248        0x0 c:/winavr/bin/../lib/gcc/avr/4.3.3/avr5\libgcc.a(_clear_bss.o)
 .data          0x00800248        0x0 c:/winavr/bin/../lib/gcc/avr/4.3.3/../../../../avr/lib/avr5\libc.a(memmem.o)
 .data          0x00800248        0x0 c:/winavr/bin/../lib/gcc/avr/4.3.3/../../../../avr/lib/avr5\libc.a(eerd_byte_atmega32.o)
 .data          0x00800248        0x0 c:/winavr/bin/../lib/gcc/avr/4.3.3/../../../../avr/lib/avr5\libc.a(eerd_word_atmega32.o)
 .data          0x00800248        0x0 c:/winavr/bin/../lib/gcc/avr/4.3.3/../../../../avr/lib/avr5\libc.a(eewr_byte_atmega32.o)
 .data          0x00800248        0x0 c:/winavr/bin/../lib/gcc/avr/4.3.3/../../../../avr/lib/avr5\libc.a(eewr_word_atmega32.o)
 .data          0x00800248        0x0 c:/winavr/bin/../lib/gcc/avr/4.3.3/../../../../avr/lib/avr5\libc.a(eerd_block_atmega32.o)
 *(.data*)
 *(.rodata)
 *(.rodata*)
 *(.gnu.linkonce.d*)
                0x00800248                . = ALIGN (0x2)
                0x00800248                _edata = .
                0x00800248                PROVIDE (__data_end, .)

.bss            0x00800248      0x2a0
                0x00800248                PROVIDE (__bss_start, .)
 *(.bss)
 .bss           0x00800248        0x0 c:/winavr/bin/../lib/gcc/avr/4.3.3/../../../../avr/lib/avr5/crtm32.o
 .bss           0x00800248        0xd ltag_ascetic.o
 .bss           0x00800255        0x0 global_variables.o
 .bss           0x00800255        0x3 isr.o
 .bss           0x00800258        0x0 joystick_driver.o
 .bss           0x00800258        0x6 usart.o
                0x00800259                txBufHead
                0x0080025d                rxCount
                0x0080025a                txCount
                0x0080025c                rxBufHead
                0x00800258                txBufTail
                0x0080025b                rxBufTail
 .bss           0x0080025e        0x0 menu.o
 .bss           0x0080025e        0x0 c:/winavr/bin/../lib/gcc/avr/4.3.3/avr5\libgcc.a(_udivmodqi4.o)
 .bss           0x0080025e        0x0 c:/winavr/bin/../lib/gcc/avr/4.3.3/avr5\libgcc.a(_udivmodhi4.o)
 .bss           0x0080025e        0x0 c:/winavr/bin/../lib/gcc/avr/4.3.3/avr5\libgcc.a(_divmodhi4.o)
 .bss           0x0080025e        0x0 c:/winavr/bin/../lib/gcc/avr/4.3.3/avr5\libgcc.a(_exit.o)
 .bss           0x0080025e        0x0 c:/winavr/bin/../lib/gcc/avr/4.3.3/avr5\libgcc.a(_copy_data.o)
 .bss           0x0080025e        0x0 c:/winavr/bin/../lib/gcc/avr/4.3.3/avr5\libgcc.a(_clear_bss.o)
 .bss           0x0080025e        0x0 c:/winavr/bin/../lib/gcc/avr/4.3.3/../../../../avr/lib/avr5\libc.a(memmem.o)
 .bss           0x0080025e        0x0 c:/winavr/bin/../lib/gcc/avr/4.3.3/../../../../avr/lib/avr5\libc.a(eerd_byte_atmega32.o)
 .bss           0x0080025e        0x0 c:/winavr/bin/../lib/gcc/avr/4.3.3/../../../../avr/lib/avr5\libc.a(eerd_word_atmega32.o)
 .bss           0x0080025e        0x0 c:/winavr/bin/../lib/gcc/avr/4.3.3/../../../../avr/lib/avr5\libc.a(eewr_byte_atmega32.o)
 .bss           0x0080025e        0x0 c:/winavr/bin/../lib/gcc/avr/4.3.3/../../../../avr/lib/avr5\libc.a(eewr_word_atmega32.o)
 .bss           0x0080025e        0x0 c:/winavr/bin/../lib/gcc/avr/4.3.3/../../../../avr/lib/avr5\libc.a(eerd_block_atmega32.o)
 *(.bss*)
 *(COMMON)
 COMMON         0x0080025e        0xd ltag_ascetic.o
                0x0080025e                in
                0x0080025f                tm_code
                0x00800265                crc8
                0x00800266                lcd_buffer
                0x00800267                tm_event
                0x00800268                device_code
                0x00800269                code
                0x0080026a                ch
 COMMON         0x0080026b       0x7b global_variables.o
                0x0080026b                snd_adress
                0x00800271                chit_detected
                0x00800272                ir_transmitter_on
                0x00800273                joystick_event
                0x00800274                low_level_counter
                0x00800276                ir_pulse_counter
                0x00800278                chit_detected_counter
                0x0080027a                curr_ir_pin
                0x0080027b                bt_rx_packet
                0x0080027e                simples_in_queue
                0x00800280                start_bit_received
                0x00800281                timer2
                0x00800283                clips
                0x00800284                pult_help_mode
                0x00800285                ir_tx_buffer_cursor
                0x00800289                curr_adress_in_eeprom
                0x0080028b                tm_connect
                0x0080028c                rx_event
                0x0080028d                bt_header_received
                0x0080028e                receiver_on
                0x0080028f                bullets
                0x00800290                joystick_key_pressing_duration
                0x008002a1                pult_hot_key_mode
                0x008002a2                rx_buffer
                0x008002aa                key_pressing_duration
                0x008002b2                tx_buffer
                0x008002ba                cr_received
                0x008002bb                display_bullets_update_now
                0x008002bc                curr_simple
                0x008002bd                life_in_percent
                0x008002bf                keyboard_event
                0x008002c0                last_simple
                0x008002c2                reload_key_event
                0x008002c3                fcurr_simple_prepared
                0x008002c4                bit_in_bt_rx_buff
                0x008002c6                life
                0x008002c7                bt_rx_buffer
                0x008002cf                cut_off_sound
                0x008002d1                ir_space_counter
                0x008002d3                rx_packet
                0x008002d6                uart_timer
                0x008002d8                high_level_counter
                0x008002da                eeprom_is_open
                0x008002db                display_batt_mode
                0x008002dc                life_leds_status
                0x008002e0                play_hit_snd
                0x008002e1                bt_rx_event
                0x008002e2                cursor_position
                0x008002e3                bit_in_rx_buff
                0x008002e5                fire_led_status
 COMMON         0x008002e6      0x200 usart.o
                0x008002e6                usartTxBuf
                0x008003e6                usartRxBuf
 COMMON         0x008004e6        0x2 menu.o
                0x008004e6                selectedMenuItem
                0x008004e8                PROVIDE (__bss_end, .)
                0x00005dca                __data_load_start = LOADADDR (.data)
                0x00005fb2                __data_load_end = (__data_load_start + SIZEOF (.data))

.noinit         0x008004e8        0x0
                0x008004e8                PROVIDE (__noinit_start, .)
 *(.noinit*)
                0x008004e8                PROVIDE (__noinit_end, .)
                0x008004e8                _end = .
                0x008004e8                PROVIDE (__heap_start, .)

.eeprom         0x00810000       0x41
 *(.eeprom*)
 .eeprom        0x00810000       0x41 global_variables.o
                0x0081001c                sound_3_size
                0x00810024                sound_5_size
                0x0081003b                pult_key_central_command
                0x00810005                eeprom_reload_duration
                0x00810031                pult_shift_and_key_right_command
                0x00810002                eeprom_damage
                0x00810004                eeprom_clips
                0x00810018                sound_2_size
                0x0081000b                eeprom_tm_serial_num
                0x0081002f                pult_key_right_command
                0x0081001a                sound_3_adress
                0x00810035                pult_shift_and_key_down_command
                0x00810008                eeprom_batt_low_voltage
                0x0081003d                pult_shift_and_key_central_command
                0x0081002b                pult_key_up_command
                0x00810003                eeprom_bullets_in_clip
                0x00810037                pult_key_left_command
                0x0081001e                sound_4_adress
                0x00810033                pult_key_down_command
                0x00810020                sound_4_size
                0x0081002d                pult_shift_and_key_up_command
                0x00810026                sound_6_adress
                0x00810001                eeprom_player_id
                0x00810039                pult_shift_and_key_left_command
                0x00810006                eeprom_batt_full_voltage
                0x00810012                sound_1_adress
                0x00810016                sound_2_adress
                0x00810028                sound_6_size
                0x00810000                eeprom_team_id
                0x00810022                sound_5_adress
                0x0081000a                eeprom_curr_ir_pin
                0x00810014                sound_1_size
                0x0081002a                friendly_fire_enable
                0x0081003f                pult_reload_command
                0x00810041                __eeprom_end = .

.fuse
 *(.fuse)
 *(.lfuse)
 *(.hfuse)
 *(.efuse)

.lock
 *(.lock*)

.signature
 *(.signature*)

.stab
 *(.stab)

.stabstr
 *(.stabstr)

.stab.excl
 *(.stab.excl)

.stab.exclstr
 *(.stab.exclstr)

.stab.index
 *(.stab.index)

.stab.indexstr
 *(.stab.indexstr)

.comment
 *(.comment)

.debug
 *(.debug)

.line
 *(.line)

.debug_srcinfo
 *(.debug_srcinfo)

.debug_sfnames
 *(.debug_sfnames)

.debug_aranges  0x00000000       0xa0
 *(.debug_aranges)
 .debug_aranges
                0x00000000       0x20 ltag_ascetic.o
 .debug_aranges
                0x00000020       0x20 isr.o
 .debug_aranges
                0x00000040       0x20 joystick_driver.o
 .debug_aranges
                0x00000060       0x20 usart.o
 .debug_aranges
                0x00000080       0x20 menu.o

.debug_pubnames
                0x00000000     0x1ca0
 *(.debug_pubnames)
 .debug_pubnames
                0x00000000     0x1288 ltag_ascetic.o
 .debug_pubnames
                0x00001288      0x70e global_variables.o
 .debug_pubnames
                0x00001996       0x5e isr.o
 .debug_pubnames
                0x000019f4       0x4e joystick_driver.o
 .debug_pubnames
                0x00001a42      0x14c usart.o
 .debug_pubnames
                0x00001b8e      0x112 menu.o

.debug_info     0x00000000     0x4f1d
 *(.debug_info)
 .debug_info    0x00000000     0x35fd ltag_ascetic.o
 .debug_info    0x000035fd      0xa8a global_variables.o
 .debug_info    0x00004087      0x631 isr.o
 .debug_info    0x000046b8      0x214 joystick_driver.o
 .debug_info    0x000048cc      0x2bc usart.o
 .debug_info    0x00004b88      0x395 menu.o
 *(.gnu.linkonce.wi.*)

.debug_abbrev   0x00000000      0xa89
 *(.debug_abbrev)
 .debug_abbrev  0x00000000      0x44b ltag_ascetic.o
 .debug_abbrev  0x0000044b       0xd7 global_variables.o
 .debug_abbrev  0x00000522      0x1cc isr.o
 .debug_abbrev  0x000006ee       0xf8 joystick_driver.o
 .debug_abbrev  0x000007e6      0x13f usart.o
 .debug_abbrev  0x00000925      0x164 menu.o

.debug_line     0x00000000     0x51fd
 *(.debug_line)
 .debug_line    0x00000000     0x441f ltag_ascetic.o
 .debug_line    0x0000441f       0xc1 global_variables.o
 .debug_line    0x000044e0      0x63c isr.o
 .debug_line    0x00004b1c      0x2de joystick_driver.o
 .debug_line    0x00004dfa      0x27e usart.o
 .debug_line    0x00005078      0x185 menu.o

.debug_frame    0x00000000      0xc70
 *(.debug_frame)
 .debug_frame   0x00000000      0xac0 ltag_ascetic.o
 .debug_frame   0x00000ac0       0x60 isr.o
 .debug_frame   0x00000b20       0x40 joystick_driver.o
 .debug_frame   0x00000b60       0xc0 usart.o
 .debug_frame   0x00000c20       0x50 menu.o

.debug_str      0x00000000     0x1d7a
 *(.debug_str)
 .debug_str     0x00000000     0x19af ltag_ascetic.o
                               0x1b5a (size before relaxing)
 .debug_str     0x000019af      0x11a global_variables.o
                                0xa1d (size before relaxing)
 .debug_str     0x00001ac9       0xd2 isr.o
                                0x526 (size before relaxing)
 .debug_str     0x00001b9b       0x4e joystick_driver.o
                                0x257 (size before relaxing)
 .debug_str     0x00001be9       0xd1 usart.o
                                0x1d2 (size before relaxing)
 .debug_str     0x00001cba       0xc0 menu.o
                                0x1d0 (size before relaxing)

.debug_loc      0x00000000     0x1ecc
 *(.debug_loc)
 .debug_loc     0x00000000     0x1abe ltag_ascetic.o
 .debug_loc     0x00001abe      0x15b isr.o
 .debug_loc     0x00001c19       0xe1 joystick_driver.o
 .debug_loc     0x00001cfa       0xf8 usart.o
 .debug_loc     0x00001df2       0xda menu.o

.debug_macinfo
 *(.debug_macinfo)
OUTPUT(LTAscetic_Atmega32.elf elf32-avr)
LOAD linker stubs

.debug_ranges   0x00000000      0x1d8
 .debug_ranges  0x00000000      0x1b8 ltag_ascetic.o
 .debug_ranges  0x000001b8       0x20 usart.o
