Archive member included because of file (symbol)

d:/winavr/bin/../lib/gcc/avr/4.3.3/avr5\libgcc.a(_udivmodqi4.o)
                              ltag_ascetic.o (__udivmodqi4)
d:/winavr/bin/../lib/gcc/avr/4.3.3/avr5\libgcc.a(_udivmodhi4.o)
                              ltag_ascetic.o (__udivmodhi4)
d:/winavr/bin/../lib/gcc/avr/4.3.3/avr5\libgcc.a(_divmodhi4.o)
                              ltag_ascetic.o (__divmodhi4)
d:/winavr/bin/../lib/gcc/avr/4.3.3/avr5\libgcc.a(_exit.o)
                              d:/winavr/bin/../lib/gcc/avr/4.3.3/../../../../avr/lib/avr5/crtm32.o (exit)
d:/winavr/bin/../lib/gcc/avr/4.3.3/avr5\libgcc.a(_copy_data.o)
                              ltag_ascetic.o (__do_copy_data)
d:/winavr/bin/../lib/gcc/avr/4.3.3/avr5\libgcc.a(_clear_bss.o)
                              ltag_ascetic.o (__do_clear_bss)
d:/winavr/bin/../lib/gcc/avr/4.3.3/../../../../avr/lib/avr5\libc.a(memmem.o)
                              ltag_ascetic.o (memmem)
d:/winavr/bin/../lib/gcc/avr/4.3.3/../../../../avr/lib/avr5\libc.a(eerd_byte_atmega32.o)
                              ltag_ascetic.o (__eerd_byte_m32)
d:/winavr/bin/../lib/gcc/avr/4.3.3/../../../../avr/lib/avr5\libc.a(eerd_word_atmega32.o)
                              ltag_ascetic.o (__eerd_word_m32)
d:/winavr/bin/../lib/gcc/avr/4.3.3/../../../../avr/lib/avr5\libc.a(eewr_byte_atmega32.o)
                              ltag_ascetic.o (__eewr_byte_m32)
d:/winavr/bin/../lib/gcc/avr/4.3.3/../../../../avr/lib/avr5\libc.a(eewr_word_atmega32.o)
                              ltag_ascetic.o (__eewr_word_m32)
d:/winavr/bin/../lib/gcc/avr/4.3.3/../../../../avr/lib/avr5\libc.a(eerd_block_atmega32.o)
                              d:/winavr/bin/../lib/gcc/avr/4.3.3/../../../../avr/lib/avr5\libc.a(eerd_word_atmega32.o) (__eerd_blraw_m32)

Allocating common symbols
Common symbol       size              file

snd_adress          0x6               global_variables.o
chit_detected       0x1               global_variables.o
ir_transmitter_on   0x1               global_variables.o
joystick_event      0x1               global_variables.o
low_level_counter   0x2               global_variables.o
ir_pulse_counter    0x2               global_variables.o
chit_detected_counter
                    0x2               global_variables.o
curr_ir_pin         0x1               global_variables.o
in                  0x1               ltag_ascetic.o
bt_rx_packet        0x3               global_variables.o
simples_in_queue    0x2               global_variables.o
tm_code             0x6               ltag_ascetic.o
start_bit_received  0x1               global_variables.o
timer2              0x2               global_variables.o
clips               0x1               global_variables.o
curr_adress_in_eeprom
                    0x2               global_variables.o
tm_connect          0x1               global_variables.o
rx_event            0x1               global_variables.o
crc8                0x1               ltag_ascetic.o
lcd_buffer          0x1               ltag_ascetic.o
bt_header_received  0x1               global_variables.o
receiver_on         0x1               global_variables.o
bullets             0x1               global_variables.o
joystick_key_pressing_duration
                    0x11              global_variables.o
rx_buffer           0x8               global_variables.o
key_pressing_duration
                    0x8               global_variables.o
tx_buffer           0x8               global_variables.o
cr_received         0x1               global_variables.o
data_packet         0x20              global_variables.o
display_bullets_update_now
                    0x1               global_variables.o
curr_simple         0x1               global_variables.o
tm_event            0x1               ltag_ascetic.o
usartTxBuf          0x100             usart.o
device_code         0x1               ltag_ascetic.o
life_in_percent     0x2               global_variables.o
keyboard_event      0x1               global_variables.o
last_simple         0x2               global_variables.o
reload_key_event    0x1               global_variables.o
fcurr_simple_prepared
                    0x1               global_variables.o
bit_in_bt_rx_buff   0x2               global_variables.o
life                0x1               global_variables.o
bt_rx_buffer        0x8               global_variables.o
usartRxBuf          0x100             usart.o
cut_off_sound       0x2               global_variables.o
ir_space_counter    0x2               global_variables.o
code                0x1               ltag_ascetic.o
rx_packet           0x3               global_variables.o
uart_timer          0x2               global_variables.o
high_level_counter  0x2               global_variables.o
ch                  0x1               ltag_ascetic.o
eeprom_is_open      0x1               global_variables.o
display_batt_mode   0x1               global_variables.o
life_leds_status    0x4               global_variables.o
play_hit_snd        0x1               global_variables.o
bt_rx_event         0x1               global_variables.o
cursor_position     0x1               global_variables.o
bit_in_rx_buff      0x2               global_variables.o
fire_led_status     0x1               global_variables.o

Memory Configuration

Name             Origin             Length             Attributes
text             0x00000000         0x00020000         xr
data             0x00800060         0x0000ffa0         rw !x
eeprom           0x00810000         0x00010000         rw !x
fuse             0x00820000         0x00000400         rw !x
lock             0x00830000         0x00000400         rw !x
signature        0x00840000         0x00000400         rw !x
*default*        0x00000000         0xffffffff

Linker script and memory map

LOAD d:/winavr/bin/../lib/gcc/avr/4.3.3/../../../../avr/lib/avr5/crtm32.o
LOAD ltag_ascetic.o
LOAD global_variables.o
LOAD isr.o
LOAD joystick_driver.o
LOAD usart.o
LOAD d:/winavr/bin/../lib/gcc/avr/4.3.3/avr5\libgcc.a
LOAD d:/winavr/bin/../lib/gcc/avr/4.3.3/../../../../avr/lib/avr5\libc.a
LOAD d:/winavr/bin/../lib/gcc/avr/4.3.3/avr5\libgcc.a

.hash
 *(.hash)

.dynsym
 *(.dynsym)

.dynstr
 *(.dynstr)

.gnu.version
 *(.gnu.version)

.gnu.version_d
 *(.gnu.version_d)

.gnu.version_r
 *(.gnu.version_r)

.rel.init
 *(.rel.init)

.rela.init
 *(.rela.init)

.rel.text
 *(.rel.text)
 *(.rel.text.*)
 *(.rel.gnu.linkonce.t*)

.rela.text
 *(.rela.text)
 *(.rela.text.*)
 *(.rela.gnu.linkonce.t*)

.rel.fini
 *(.rel.fini)

.rela.fini
 *(.rela.fini)

.rel.rodata
 *(.rel.rodata)
 *(.rel.rodata.*)
 *(.rel.gnu.linkonce.r*)

.rela.rodata
 *(.rela.rodata)
 *(.rela.rodata.*)
 *(.rela.gnu.linkonce.r*)

.rel.data
 *(.rel.data)
 *(.rel.data.*)
 *(.rel.gnu.linkonce.d*)

.rela.data
 *(.rela.data)
 *(.rela.data.*)
 *(.rela.gnu.linkonce.d*)

.rel.ctors
 *(.rel.ctors)

.rela.ctors
 *(.rela.ctors)

.rel.dtors
 *(.rel.dtors)

.rela.dtors
 *(.rela.dtors)

.rel.got
 *(.rel.got)

.rela.got
 *(.rela.got)

.rel.bss
 *(.rel.bss)

.rela.bss
 *(.rela.bss)

.rel.plt
 *(.rel.plt)

.rela.plt
 *(.rela.plt)

.text           0x00000000     0x59a4
 *(.vectors)
 .vectors       0x00000000       0x54 d:/winavr/bin/../lib/gcc/avr/4.3.3/../../../../avr/lib/avr5/crtm32.o
                0x00000000                __vectors
                0x00000000                __vector_default
 *(.vectors)
 *(.progmem.gcc*)
 .progmem.gcc_sw_table
                0x00000054       0x5e ltag_ascetic.o
 *(.progmem*)
 .progmem.data  0x000000b2      0x663 ltag_ascetic.o
                0x0000040f                parameter_empty_error
                0x000001c6                command_15
                0x0000036d                command_45
                0x0000027a                command_27
                0x00000347                command_43
                0x00000472                protocol
                0x000002e7                command_35
                0x000001aa                command_13
                0x000002d1                command_33
                0x0000018a                command_11
                0x000002b6                command_31
                0x00000303                command_37
                0x00000114                command_2
                0x0000014e                command_7
                0x00000407                command_error
                0x0000046b                ok_string
                0x00000212                command_20
                0x00000326                command_40
                0x000001f4                command_18
                0x00000451                parameter_invalid_error
                0x00000432                parameter_out_of_range_error
                0x00000391                commandsPointers
                0x000001d6                command_16
                0x00000125                command_4
                0x0000025e                command_25
                0x00000103                command_1
                0x00000335                command_41
                0x0000012c                command_5
                0x000000f2                command_0
                0x0000037f                command_46
                0x000002a8                command_30
                0x00000202                command_19
                0x000002f5                command_36
                0x000002c1                command_32
                0x0000030d                command_38
                0x0000017c                command_10
                0x00000230                command_22
                0x0000028a                command_28
                0x00000143                command_6
                0x0000015e                command_8
                0x000001e6                command_17
                0x000001b8                command_14
                0x0000026c                command_26
                0x0000024e                command_24
                0x0000035a                command_44
                0x000000b2                Decode2Rus
                0x000002dc                command_34
                0x0000033e                command_42
                0x0000019a                command_12
                0x0000070a                numbers
                0x00000317                command_39
                0x00000222                command_21
                0x0000016e                command_9
                0x000003ef                unknown_command_error
                0x0000011e                command_3
                0x0000023e                command_23
                0x0000029a                command_29
 .progmem.data  0x00000715       0x10 global_variables.o
                0x00000715                damage_value
                0x00000726                . = ALIGN (0x2)
 *fill*         0x00000725        0x1 00
                0x00000726                __trampolines_start = .
 *(.trampolines)
 .trampolines   0x00000726        0x0 linker stubs
 *(.trampolines*)
                0x00000726                __trampolines_end = .
 *(.jumptables)
 *(.jumptables*)
 *(.lowtext)
 *(.lowtext*)
                0x00000726                __ctors_start = .
 *(.ctors)
                0x00000726                __ctors_end = .
                0x00000726                __dtors_start = .
 *(.dtors)
                0x00000726                __dtors_end = .
 SORT(*)(.ctors)
 SORT(*)(.dtors)
 *(.init0)
 .init0         0x00000726        0x0 d:/winavr/bin/../lib/gcc/avr/4.3.3/../../../../avr/lib/avr5/crtm32.o
                0x00000726                __init
 *(.init0)
 *(.init1)
 *(.init1)
 *(.init2)
 .init2         0x00000726        0xc d:/winavr/bin/../lib/gcc/avr/4.3.3/../../../../avr/lib/avr5/crtm32.o
 *(.init2)
 *(.init3)
 *(.init3)
 *(.init4)
 .init4         0x00000732       0x16 d:/winavr/bin/../lib/gcc/avr/4.3.3/avr5\libgcc.a(_copy_data.o)
                0x00000732                __do_copy_data
 .init4         0x00000748       0x10 d:/winavr/bin/../lib/gcc/avr/4.3.3/avr5\libgcc.a(_clear_bss.o)
                0x00000748                __do_clear_bss
 *(.init4)
 *(.init5)
 *(.init5)
 *(.init6)
 *(.init6)
 *(.init7)
 *(.init7)
 *(.init8)
 *(.init8)
 *(.init9)
 .init9         0x00000758        0x8 d:/winavr/bin/../lib/gcc/avr/4.3.3/../../../../avr/lib/avr5/crtm32.o
 *(.init9)
 *(.text)
 .text          0x00000760        0x4 d:/winavr/bin/../lib/gcc/avr/4.3.3/../../../../avr/lib/avr5/crtm32.o
                0x00000760                __vector_12
                0x00000760                __bad_interrupt
                0x00000760                __vector_6
                0x00000760                __vector_3
                0x00000760                __vector_11
                0x00000760                __vector_17
                0x00000760                __vector_19
                0x00000760                __vector_5
                0x00000760                __vector_9
                0x00000760                __vector_8
                0x00000760                __vector_14
                0x00000760                __vector_10
                0x00000760                __vector_16
                0x00000760                __vector_18
                0x00000760                __vector_20
 .text          0x00000764     0x44c6 ltag_ascetic.o
                0x000025be                command_28_slot
                0x000027fe                command_38_slot
                0x0000094a                lcd_data
                0x000027c6                command_42_slot
                0x00003644                check_eeprom
                0x00001b30                init_timer0
                0x00002f3e                get_enum_settings
                0x000025c8                command_26_slot
                0x00000ea4                init_tm
                0x00002d0c                command_41_slot
                0x0000260e                command_12_slot
                0x00001e42                long_int_to_str
                0x000007f6                shift_register_clean
                0x00000a46                lcd_bl_off
                0x0000237e                command_4_slot
                0x00002484                play_sound_6
                0x00002c22                get_int_argument_value
                0x00000f9e                tm_read_serial_number
                0x00001704                set_player_id
                0x00003ca2                command_2_slot
                0x0000262c                display_voltage_update
                0x00003632                command_43_slot
                0x00001fa4                display_status
                0x00002196                play_sound_from_eeprom
                0x00002d36                command_33_slot
                0x00000952                lcd_function_set
                0x000033b6                write_team_id_to_eeprom
                0x000009de                lcd_gotoxy
                0x00000966                lcd_newline
                0x0000173a                set_team_color
                0x00000a36                lcd_bl_on
                0x000034b0                command_25_slot
                0x00003620                command_45_slot
                0x00002618                command_10_slot
                0x0000098e                lcd_putc
                0x0000282a                command_31_slot
                0x00002036                display_bullets_update
                0x000033c2                apply_sound_set_command
                0x000010b8                eeWriteByte
                0x000024f6                play_sound_3
                0x0000278e                command_46_slot
                0x00003324                get_all_setings
                0x000025b4                command_30_slot
                0x00001222                eeWriteBytes
                0x00000792                shift_register_set_data
                0x00002d28                command_35_slot
                0x00000f2c                tm_read
                0x00001abc                get_buffer_bit
                0x000025f0                command_18_slot
                0x000017a4                set_gun_damage
                0x0000350a                command_7_slot
                0x00002604                command_14_slot
                0x000034a6                command_27_slot
                0x000014d6                close_eeprom
                0x0000258e                command_32_slot
                0x00000a04                lcd_home
                0x0000201a                display_life_update
                0x000025fa                command_16_slot
                0x0000212c                char_to_int
                0x00000764                init_shift_register
                0x00003cb8                get_command_index
                0x00001c02                fire_mode
                0x00000940                lcd_clrscr
                0x000025e6                command_20_slot
                0x00001cd4                damage_beep
                0x00003514                get_word_argument_value
                0x000024a8                play_sound_5
                0x00003b7e                command_6_slot
                0x0000251a                playclipinsound
                0x00001d0e                int_to_str
                0x00000edc                tm_send
                0x0000207c                ReadADC
                0x000012ec                eeReadBytes
                0x000025d2                command_24_slot
                0x000034ba                command_23_slot
                0x00002072                init_adc
                0x000034f6                command_11_slot
                0x000009be                lcd_puts
                0x00002e3e                get_ir_power_settings
                0x0000239a                command_1_slot
                0x00002520                play_sound_2
                0x00000a12                lcd_puts_p
                0x00004572                main
                0x00001af6                get_bt_buffer_bit
                0x000034ce                command_19_slot
                0x000015f2                init_int0
                0x0000109a                eeInit
                0x000034d8                command_17_slot
                0x00003822                hit_processing
                0x00002a78                command_37_slot
                0x00002362                command_34_slot
                0x00002b62                command_3_slot
                0x000016e4                send_ir_package
                0x00002544                playhitsound
                0x00002d1a                command_39_slot
                0x000027e2                command_40_slot
                0x00002d44                command_0_slot
                0x00002622                command_8_slot
                0x000034e2                command_15_slot
                0x00002052                display_clips_update
                0x00003500                command_9_slot
                0x000027aa                command_44_slot
                0x00003f62                invite
                0x000034ec                command_13_slot
                0x00001508                configuring_ports
                0x0000349c                command_29_slot
                0x00001b4a                init_timer1
                0x000034c4                command_21_slot
                0x00001c0c                beep
                0x000014b2                read_eeprom_byte
                0x0000167e                set_bt_buffer_bit
                0x00000f74                new_crc8
                0x00001154                eeReadByte
                0x00002346                command_36_slot
                0x000025dc                command_22_slot
                0x00000b84                init_lcd
                0x00001408                open_eeprom
                0x00000d3c                lcd_generate_bat_level_symbols
                0x00003736                init_var
                0x00000a56                lcd_generate_batt_symbols
                0x00002d52                get_friendly_fire_settings
                0x000024f0                playclipoutsound
                0x000022d8                team_id
                0x00000938                lcd_command
                0x000022e2                tm_verification
                0x0000256a                play_sound_1
                0x000020ac                display_hit_data
                0x000024cc                play_sound_4
                0x0000259c                apply_sound_get_command
                0x0000293a                command_5_slot
                0x00000c0e                lcd_generate_additional_symbols
                0x00003e0c                parsing_command
                0x000015de                init_timer2
                0x000023b6                parsing_bt_data
                0x00001ba4                display_life
                0x00002194                str_to_int
                0x000022ce                gun_damage
                0x0000302e                get_int_settings
                0x00001618                set_buffer_bit
 .text          0x00004c2a        0x0 global_variables.o
 .text          0x00004c2a      0x838 isr.o
                0x000052e4                __vector_1
                0x00004ea4                __vector_7
                0x00004c2a                __vector_4
                0x00004ddc                read_seimpl
                0x0000527e                __vector_2
 .text          0x00005462      0x28e joystick_driver.o
                0x00005462                init_joystick
                0x00005528                test_joystick
                0x00005500                get_joystick_status
 .text          0x000056f0      0x19e usart.o
                0x00005714                USART_FlushTxBuf
                0x0000570e                USART_GetTxCount
                0x00005752                USART_SendStrP
                0x00005820                __vector_13
                0x000056f0                USART_Init
                0x000057ea                USART_GetChar
                0x00005722                USART_PutChar
                0x00005732                USART_SendStr
                0x00005776                __vector_15
                0x000057cc                USART_FlushRxBuf
                0x000057c6                USART_GetRxCount
 .text          0x0000588e        0x0 d:/winavr/bin/../lib/gcc/avr/4.3.3/avr5\libgcc.a(_udivmodqi4.o)
 .text          0x0000588e        0x0 d:/winavr/bin/../lib/gcc/avr/4.3.3/avr5\libgcc.a(_udivmodhi4.o)
 .text          0x0000588e        0x0 d:/winavr/bin/../lib/gcc/avr/4.3.3/avr5\libgcc.a(_divmodhi4.o)
 .text          0x0000588e        0x0 d:/winavr/bin/../lib/gcc/avr/4.3.3/avr5\libgcc.a(_exit.o)
 .text          0x0000588e        0x0 d:/winavr/bin/../lib/gcc/avr/4.3.3/avr5\libgcc.a(_copy_data.o)
 .text          0x0000588e        0x0 d:/winavr/bin/../lib/gcc/avr/4.3.3/avr5\libgcc.a(_clear_bss.o)
 .text          0x0000588e        0x0 d:/winavr/bin/../lib/gcc/avr/4.3.3/../../../../avr/lib/avr5\libc.a(memmem.o)
 .text          0x0000588e        0x0 d:/winavr/bin/../lib/gcc/avr/4.3.3/../../../../avr/lib/avr5\libc.a(eerd_byte_atmega32.o)
 .text          0x0000588e        0x0 d:/winavr/bin/../lib/gcc/avr/4.3.3/../../../../avr/lib/avr5\libc.a(eerd_word_atmega32.o)
 .text          0x0000588e        0x0 d:/winavr/bin/../lib/gcc/avr/4.3.3/../../../../avr/lib/avr5\libc.a(eewr_byte_atmega32.o)
 .text          0x0000588e        0x0 d:/winavr/bin/../lib/gcc/avr/4.3.3/../../../../avr/lib/avr5\libc.a(eewr_word_atmega32.o)
 .text          0x0000588e        0x0 d:/winavr/bin/../lib/gcc/avr/4.3.3/../../../../avr/lib/avr5\libc.a(eerd_block_atmega32.o)
                0x0000588e                . = ALIGN (0x2)
 *(.text.*)
 .text.libgcc   0x0000588e       0x18 d:/winavr/bin/../lib/gcc/avr/4.3.3/avr5\libgcc.a(_udivmodqi4.o)
                0x0000588e                __udivmodqi4
 .text.libgcc   0x000058a6       0x28 d:/winavr/bin/../lib/gcc/avr/4.3.3/avr5\libgcc.a(_udivmodhi4.o)
                0x000058a6                __udivmodhi4
 .text.libgcc   0x000058ce       0x26 d:/winavr/bin/../lib/gcc/avr/4.3.3/avr5\libgcc.a(_divmodhi4.o)
                0x000058ce                __divmodhi4
                0x000058ce                _div
 .text.libgcc   0x000058f4        0x0 d:/winavr/bin/../lib/gcc/avr/4.3.3/avr5\libgcc.a(_exit.o)
 .text.libgcc   0x000058f4        0x0 d:/winavr/bin/../lib/gcc/avr/4.3.3/avr5\libgcc.a(_copy_data.o)
 .text.libgcc   0x000058f4        0x0 d:/winavr/bin/../lib/gcc/avr/4.3.3/avr5\libgcc.a(_clear_bss.o)
 .text.avr-libc
                0x000058f4       0x4c d:/winavr/bin/../lib/gcc/avr/4.3.3/../../../../avr/lib/avr5\libc.a(memmem.o)
                0x000058f4                memmem
 .text.avr-libc
                0x00005940       0x10 d:/winavr/bin/../lib/gcc/avr/4.3.3/../../../../avr/lib/avr5\libc.a(eerd_byte_atmega32.o)
                0x00005940                __eerd_byte_m32
 .text.avr-libc
                0x00005950        0xc d:/winavr/bin/../lib/gcc/avr/4.3.3/../../../../avr/lib/avr5\libc.a(eerd_word_atmega32.o)
                0x00005950                __eerd_word_m32
 .text.avr-libc
                0x0000595c       0x1a d:/winavr/bin/../lib/gcc/avr/4.3.3/../../../../avr/lib/avr5\libc.a(eewr_byte_atmega32.o)
                0x0000595e                __eewr_r18_m32
                0x0000595c                __eewr_byte_m32
 .text.avr-libc
                0x00005976        0xa d:/winavr/bin/../lib/gcc/avr/4.3.3/../../../../avr/lib/avr5\libc.a(eewr_word_atmega32.o)
                0x00005976                __eewr_word_m32
 .text.avr-libc
                0x00005980       0x20 d:/winavr/bin/../lib/gcc/avr/4.3.3/../../../../avr/lib/avr5\libc.a(eerd_block_atmega32.o)
                0x00005984                __eerd_blraw_m32
                0x00005980                __eerd_block_m32
                0x000059a0                . = ALIGN (0x2)
 *(.fini9)
 .fini9         0x000059a0        0x0 d:/winavr/bin/../lib/gcc/avr/4.3.3/avr5\libgcc.a(_exit.o)
                0x000059a0                exit
                0x000059a0                _exit
 *(.fini9)
 *(.fini8)
 *(.fini8)
 *(.fini7)
 *(.fini7)
 *(.fini6)
 *(.fini6)
 *(.fini5)
 *(.fini5)
 *(.fini4)
 *(.fini4)
 *(.fini3)
 *(.fini3)
 *(.fini2)
 *(.fini2)
 *(.fini1)
 *(.fini1)
 *(.fini0)
 .fini0         0x000059a0        0x4 d:/winavr/bin/../lib/gcc/avr/4.3.3/avr5\libgcc.a(_exit.o)
 *(.fini0)
                0x000059a4                _etext = .

.data           0x00800060      0x1d6 load address 0x000059a4
                0x00800060                PROVIDE (__data_start, .)
 *(.data)
 .data          0x00800060        0x0 d:/winavr/bin/../lib/gcc/avr/4.3.3/../../../../avr/lib/avr5/crtm32.o
 .data          0x00800060      0x1d4 ltag_ascetic.o
 .data          0x00800234        0x0 global_variables.o
 .data          0x00800234        0x1 isr.o
 .data          0x00800235        0x0 joystick_driver.o
 .data          0x00800235        0x0 usart.o
 .data          0x00800235        0x0 d:/winavr/bin/../lib/gcc/avr/4.3.3/avr5\libgcc.a(_udivmodqi4.o)
 .data          0x00800235        0x0 d:/winavr/bin/../lib/gcc/avr/4.3.3/avr5\libgcc.a(_udivmodhi4.o)
 .data          0x00800235        0x0 d:/winavr/bin/../lib/gcc/avr/4.3.3/avr5\libgcc.a(_divmodhi4.o)
 .data          0x00800235        0x0 d:/winavr/bin/../lib/gcc/avr/4.3.3/avr5\libgcc.a(_exit.o)
 .data          0x00800235        0x0 d:/winavr/bin/../lib/gcc/avr/4.3.3/avr5\libgcc.a(_copy_data.o)
 .data          0x00800235        0x0 d:/winavr/bin/../lib/gcc/avr/4.3.3/avr5\libgcc.a(_clear_bss.o)
 .data          0x00800235        0x0 d:/winavr/bin/../lib/gcc/avr/4.3.3/../../../../avr/lib/avr5\libc.a(memmem.o)
 .data          0x00800235        0x0 d:/winavr/bin/../lib/gcc/avr/4.3.3/../../../../avr/lib/avr5\libc.a(eerd_byte_atmega32.o)
 .data          0x00800235        0x0 d:/winavr/bin/../lib/gcc/avr/4.3.3/../../../../avr/lib/avr5\libc.a(eerd_word_atmega32.o)
 .data          0x00800235        0x0 d:/winavr/bin/../lib/gcc/avr/4.3.3/../../../../avr/lib/avr5\libc.a(eewr_byte_atmega32.o)
 .data          0x00800235        0x0 d:/winavr/bin/../lib/gcc/avr/4.3.3/../../../../avr/lib/avr5\libc.a(eewr_word_atmega32.o)
 .data          0x00800235        0x0 d:/winavr/bin/../lib/gcc/avr/4.3.3/../../../../avr/lib/avr5\libc.a(eerd_block_atmega32.o)
 *(.data*)
 *(.rodata)
 *(.rodata*)
 *(.gnu.linkonce.d*)
                0x00800236                . = ALIGN (0x2)
 *fill*         0x00800235        0x1 00
                0x00800236                _edata = .
                0x00800236                PROVIDE (__data_end, .)

.bss            0x00800236      0x2b8
                0x00800236                PROVIDE (__bss_start, .)
 *(.bss)
 .bss           0x00800236        0x0 d:/winavr/bin/../lib/gcc/avr/4.3.3/../../../../avr/lib/avr5/crtm32.o
 .bss           0x00800236        0xd ltag_ascetic.o
 .bss           0x00800243        0x0 global_variables.o
 .bss           0x00800243        0x3 isr.o
 .bss           0x00800246        0x0 joystick_driver.o
 .bss           0x00800246        0x6 usart.o
                0x00800247                txBufHead
                0x0080024b                rxCount
                0x00800248                txCount
                0x0080024a                rxBufHead
                0x00800246                txBufTail
                0x00800249                rxBufTail
 .bss           0x0080024c        0x0 d:/winavr/bin/../lib/gcc/avr/4.3.3/avr5\libgcc.a(_udivmodqi4.o)
 .bss           0x0080024c        0x0 d:/winavr/bin/../lib/gcc/avr/4.3.3/avr5\libgcc.a(_udivmodhi4.o)
 .bss           0x0080024c        0x0 d:/winavr/bin/../lib/gcc/avr/4.3.3/avr5\libgcc.a(_divmodhi4.o)
 .bss           0x0080024c        0x0 d:/winavr/bin/../lib/gcc/avr/4.3.3/avr5\libgcc.a(_exit.o)
 .bss           0x0080024c        0x0 d:/winavr/bin/../lib/gcc/avr/4.3.3/avr5\libgcc.a(_copy_data.o)
 .bss           0x0080024c        0x0 d:/winavr/bin/../lib/gcc/avr/4.3.3/avr5\libgcc.a(_clear_bss.o)
 .bss           0x0080024c        0x0 d:/winavr/bin/../lib/gcc/avr/4.3.3/../../../../avr/lib/avr5\libc.a(memmem.o)
 .bss           0x0080024c        0x0 d:/winavr/bin/../lib/gcc/avr/4.3.3/../../../../avr/lib/avr5\libc.a(eerd_byte_atmega32.o)
 .bss           0x0080024c        0x0 d:/winavr/bin/../lib/gcc/avr/4.3.3/../../../../avr/lib/avr5\libc.a(eerd_word_atmega32.o)
 .bss           0x0080024c        0x0 d:/winavr/bin/../lib/gcc/avr/4.3.3/../../../../avr/lib/avr5\libc.a(eewr_byte_atmega32.o)
 .bss           0x0080024c        0x0 d:/winavr/bin/../lib/gcc/avr/4.3.3/../../../../avr/lib/avr5\libc.a(eewr_word_atmega32.o)
 .bss           0x0080024c        0x0 d:/winavr/bin/../lib/gcc/avr/4.3.3/../../../../avr/lib/avr5\libc.a(eerd_block_atmega32.o)
 *(.bss*)
 *(COMMON)
 COMMON         0x0080024c        0xd ltag_ascetic.o
                0x0080024c                in
                0x0080024d                tm_code
                0x00800253                crc8
                0x00800254                lcd_buffer
                0x00800255                tm_event
                0x00800256                device_code
                0x00800257                code
                0x00800258                ch
 COMMON         0x00800259       0x95 global_variables.o
                0x00800259                snd_adress
                0x0080025f                chit_detected
                0x00800260                ir_transmitter_on
                0x00800261                joystick_event
                0x00800262                low_level_counter
                0x00800264                ir_pulse_counter
                0x00800266                chit_detected_counter
                0x00800268                curr_ir_pin
                0x00800269                bt_rx_packet
                0x0080026c                simples_in_queue
                0x0080026e                start_bit_received
                0x0080026f                timer2
                0x00800271                clips
                0x00800272                curr_adress_in_eeprom
                0x00800274                tm_connect
                0x00800275                rx_event
                0x00800276                bt_header_received
                0x00800277                receiver_on
                0x00800278                bullets
                0x00800279                joystick_key_pressing_duration
                0x0080028a                rx_buffer
                0x00800292                key_pressing_duration
                0x0080029a                tx_buffer
                0x008002a2                cr_received
                0x008002a3                data_packet
                0x008002c3                display_bullets_update_now
                0x008002c4                curr_simple
                0x008002c5                life_in_percent
                0x008002c7                keyboard_event
                0x008002c8                last_simple
                0x008002ca                reload_key_event
                0x008002cb                fcurr_simple_prepared
                0x008002cc                bit_in_bt_rx_buff
                0x008002ce                life
                0x008002cf                bt_rx_buffer
                0x008002d7                cut_off_sound
                0x008002d9                ir_space_counter
                0x008002db                rx_packet
                0x008002de                uart_timer
                0x008002e0                high_level_counter
                0x008002e2                eeprom_is_open
                0x008002e3                display_batt_mode
                0x008002e4                life_leds_status
                0x008002e8                play_hit_snd
                0x008002e9                bt_rx_event
                0x008002ea                cursor_position
                0x008002eb                bit_in_rx_buff
                0x008002ed                fire_led_status
 COMMON         0x008002ee      0x200 usart.o
                0x008002ee                usartTxBuf
                0x008003ee                usartRxBuf
                0x008004ee                PROVIDE (__bss_end, .)
                0x000059a4                __data_load_start = LOADADDR (.data)
                0x00005b7a                __data_load_end = (__data_load_start + SIZEOF (.data))

.noinit         0x008004ee        0x0
                0x008004ee                PROVIDE (__noinit_start, .)
 *(.noinit*)
                0x008004ee                PROVIDE (__noinit_end, .)
                0x008004ee                _end = .
                0x008004ee                PROVIDE (__heap_start, .)

.eeprom         0x00810000       0x2b
 *(.eeprom*)
 .eeprom        0x00810000       0x2b global_variables.o
                0x0081001c                sound_3_size
                0x00810024                sound_5_size
                0x00810005                eeprom_reload_duration
                0x00810002                eeprom_damage
                0x00810004                eeprom_clips
                0x00810018                sound_2_size
                0x0081000b                eeprom_tm_serial_num
                0x0081001a                sound_3_adress
                0x00810008                eeprom_batt_low_voltage
                0x00810003                eeprom_bullets_in_clip
                0x0081001e                sound_4_adress
                0x00810020                sound_4_size
                0x00810026                sound_6_adress
                0x00810001                eeprom_player_id
                0x00810006                eeprom_batt_full_voltage
                0x00810012                sound_1_adress
                0x00810016                sound_2_adress
                0x00810028                sound_6_size
                0x00810000                eeprom_team_id
                0x00810022                sound_5_adress
                0x0081000a                eeprom_curr_ir_pin
                0x00810014                sound_1_size
                0x0081002a                friendly_fire_enable
                0x0081002b                __eeprom_end = .

.fuse
 *(.fuse)
 *(.lfuse)
 *(.hfuse)
 *(.efuse)

.lock
 *(.lock*)

.signature
 *(.signature*)

.stab
 *(.stab)

.stabstr
 *(.stabstr)

.stab.excl
 *(.stab.excl)

.stab.exclstr
 *(.stab.exclstr)

.stab.index
 *(.stab.index)

.stab.indexstr
 *(.stab.indexstr)

.comment
 *(.comment)

.debug
 *(.debug)

.line
 *(.line)

.debug_srcinfo
 *(.debug_srcinfo)

.debug_sfnames
 *(.debug_sfnames)

.debug_aranges  0x00000000       0x80
 *(.debug_aranges)
 .debug_aranges
                0x00000000       0x20 ltag_ascetic.o
 .debug_aranges
                0x00000020       0x20 isr.o
 .debug_aranges
                0x00000040       0x20 joystick_driver.o
 .debug_aranges
                0x00000060       0x20 usart.o

.debug_pubnames
                0x00000000     0x15d6
 *(.debug_pubnames)
 .debug_pubnames
                0x00000000      0xe53 ltag_ascetic.o
 .debug_pubnames
                0x00000e53      0x58b global_variables.o
 .debug_pubnames
                0x000013de       0x5e isr.o
 .debug_pubnames
                0x0000143c       0x4e joystick_driver.o
 .debug_pubnames
                0x0000148a      0x14c usart.o

.debug_info     0x00000000     0x453f
 *(.debug_info)
 .debug_info    0x00000000     0x2e03 ltag_ascetic.o
 .debug_info    0x00002e03      0xaff global_variables.o
 .debug_info    0x00003902      0x774 isr.o
 .debug_info    0x00004076      0x20d joystick_driver.o
 .debug_info    0x00004283      0x2bc usart.o
 *(.gnu.linkonce.wi.*)

.debug_abbrev   0x00000000      0x933
 *(.debug_abbrev)
 .debug_abbrev  0x00000000      0x421 ltag_ascetic.o
 .debug_abbrev  0x00000421       0xf3 global_variables.o
 .debug_abbrev  0x00000514      0x1e8 isr.o
 .debug_abbrev  0x000006fc       0xf8 joystick_driver.o
 .debug_abbrev  0x000007f4      0x13f usart.o

.debug_line     0x00000000     0x4dc1
 *(.debug_line)
 .debug_line    0x00000000     0x41a0 ltag_ascetic.o
 .debug_line    0x000041a0       0xc1 global_variables.o
 .debug_line    0x00004261      0x604 isr.o
 .debug_line    0x00004865      0x2de joystick_driver.o
 .debug_line    0x00004b43      0x27e usart.o

.debug_frame    0x00000000      0xa40
 *(.debug_frame)
 .debug_frame   0x00000000      0x8e0 ltag_ascetic.o
 .debug_frame   0x000008e0       0x60 isr.o
 .debug_frame   0x00000940       0x40 joystick_driver.o
 .debug_frame   0x00000980       0xc0 usart.o

.debug_str      0x00000000     0x181d
 *(.debug_str)
 .debug_str     0x00000000     0x14ed ltag_ascetic.o
                               0x167b (size before relaxing)
 .debug_str     0x000014ed      0x136 global_variables.o
                                0x933 (size before relaxing)
 .debug_str     0x00001623       0xdb isr.o
                                0x5a6 (size before relaxing)
 .debug_str     0x000016fe       0x4e joystick_driver.o
                                0x252 (size before relaxing)
 .debug_str     0x0000174c       0xd1 usart.o
                                0x1d2 (size before relaxing)

.debug_loc      0x00000000     0x1d2a
 *(.debug_loc)
 .debug_loc     0x00000000     0x19f6 ltag_ascetic.o
 .debug_loc     0x000019f6      0x15b isr.o
 .debug_loc     0x00001b51       0xe1 joystick_driver.o
 .debug_loc     0x00001c32       0xf8 usart.o

.debug_macinfo
 *(.debug_macinfo)
OUTPUT(LTAscetic_Atmega32.elf elf32-avr)
LOAD linker stubs

.debug_ranges   0x00000000      0x1f0
 .debug_ranges  0x00000000      0x1d0 ltag_ascetic.o
 .debug_ranges  0x000001d0       0x20 usart.o
